// Jest Snapshot v1, https://goo.gl/fbAQLP

exports[`Form control render testing 1`] = `
<form
  onSubmit={[Function]}
>
  <input
    type="submit"
  >
    Save
  </input>
</form>
`;
